Archive member included to satisfy reference by file (symbol)

c:/nxp/mcuxpressoide_10.1.1_606/ide/tools/bin/../lib/gcc/arm-none-eabi/6.3.1/../../../../arm-none-eabi/lib/thumb/v6-m\libcr_semihost_nf.a(_cr__main.o)
                              ./startup/startup_mkl25z4.o (__main)
c:/nxp/mcuxpressoide_10.1.1_606/ide/tools/bin/../lib/gcc/arm-none-eabi/6.3.1/../../../../arm-none-eabi/lib/thumb/v6-m\libcr_semihost_nf.a(_cr_assert.o)
                              ./source/DISPLAY_manager.o (__assertion_failed)
c:/nxp/mcuxpressoide_10.1.1_606/ide/tools/bin/../lib/gcc/arm-none-eabi/6.3.1/../../../../arm-none-eabi/lib/thumb/v6-m\libcr_semihost_nf.a(__ciob.o)
                              c:/nxp/mcuxpressoide_10.1.1_606/ide/tools/bin/../lib/gcc/arm-none-eabi/6.3.1/../../../../arm-none-eabi/lib/thumb/v6-m\libcr_semihost_nf.a(_cr_assert.o) (__Ciob)
c:/nxp/mcuxpressoide_10.1.1_606/ide/tools/bin/../lib/gcc/arm-none-eabi/6.3.1/../../../../arm-none-eabi/lib/thumb/v6-m\libcr_semihost_nf.a(__sys_appexit.o)
                              c:/nxp/mcuxpressoide_10.1.1_606/ide/tools/bin/../lib/gcc/arm-none-eabi/6.3.1/../../../../arm-none-eabi/lib/thumb/v6-m\libcr_semihost_nf.a(_cr_assert.o) (__sys_appexit)
c:/nxp/mcuxpressoide_10.1.1_606/ide/tools/bin/../lib/gcc/arm-none-eabi/6.3.1/../../../../arm-none-eabi/lib/thumb/v6-m\libcr_c.a(memcpy.o)
                              ./drivers/fsl_flash.o (memcpy)
c:/nxp/mcuxpressoide_10.1.1_606/ide/tools/bin/../lib/gcc/arm-none-eabi/6.3.1/../../../../arm-none-eabi/lib/thumb/v6-m\libcr_c.a(memset.o)
                              ./drivers/fsl_flash.o (memset)
c:/nxp/mcuxpressoide_10.1.1_606/ide/tools/bin/../lib/gcc/arm-none-eabi/6.3.1/../../../../arm-none-eabi/lib/thumb/v6-m\libcr_c.a(_deferredlazyseek.o)
                              c:/nxp/mcuxpressoide_10.1.1_606/ide/tools/bin/../lib/gcc/arm-none-eabi/6.3.1/../../../../arm-none-eabi/lib/thumb/v6-m\libcr_semihost_nf.a(_cr_assert.o) (__flsbuf)
c:/nxp/mcuxpressoide_10.1.1_606/ide/tools/bin/../lib/gcc/arm-none-eabi/6.3.1/../../../../arm-none-eabi/lib/thumb/v6-m\libcr_c.a(_fflush.o)
                              c:/nxp/mcuxpressoide_10.1.1_606/ide/tools/bin/../lib/gcc/arm-none-eabi/6.3.1/../../../../arm-none-eabi/lib/thumb/v6-m\libcr_c.a(_deferredlazyseek.o) (_fflush)
c:/nxp/mcuxpressoide_10.1.1_606/ide/tools/bin/../lib/gcc/arm-none-eabi/6.3.1/../../../../arm-none-eabi/lib/thumb/v6-m\libcr_c.a(_writebuf.o)
                              c:/nxp/mcuxpressoide_10.1.1_606/ide/tools/bin/../lib/gcc/arm-none-eabi/6.3.1/../../../../arm-none-eabi/lib/thumb/v6-m\libcr_c.a(_deferredlazyseek.o) (_Cwritebuf)
c:/nxp/mcuxpressoide_10.1.1_606/ide/tools/bin/../lib/gcc/arm-none-eabi/6.3.1/../../../../arm-none-eabi/lib/thumb/v6-m\libcr_c.a(alloc.o)
                              c:/nxp/mcuxpressoide_10.1.1_606/ide/tools/bin/../lib/gcc/arm-none-eabi/6.3.1/../../../../arm-none-eabi/lib/thumb/v6-m\libcr_c.a(_deferredlazyseek.o) (_Csys_alloc)
c:/nxp/mcuxpressoide_10.1.1_606/ide/tools/bin/../lib/gcc/arm-none-eabi/6.3.1/../../../../arm-none-eabi/lib/thumb/v6-m\libcr_c.a(fputs.o)
                              c:/nxp/mcuxpressoide_10.1.1_606/ide/tools/bin/../lib/gcc/arm-none-eabi/6.3.1/../../../../arm-none-eabi/lib/thumb/v6-m\libcr_semihost_nf.a(_cr_assert.o) (fputs)
c:/nxp/mcuxpressoide_10.1.1_606/ide/tools/bin/../lib/gcc/arm-none-eabi/6.3.1/../../../../arm-none-eabi/lib/thumb/v6-m\libcr_c.a(fseek.o)
                              c:/nxp/mcuxpressoide_10.1.1_606/ide/tools/bin/../lib/gcc/arm-none-eabi/6.3.1/../../../../arm-none-eabi/lib/thumb/v6-m\libcr_c.a(_deferredlazyseek.o) (fseek)
c:/nxp/mcuxpressoide_10.1.1_606/ide/tools/bin/../lib/gcc/arm-none-eabi/6.3.1/../../../../arm-none-eabi/lib/thumb/v6-m\libcr_c.a(ftell.o)
                              c:/nxp/mcuxpressoide_10.1.1_606/ide/tools/bin/../lib/gcc/arm-none-eabi/6.3.1/../../../../arm-none-eabi/lib/thumb/v6-m\libcr_c.a(fseek.o) (ftell)
c:/nxp/mcuxpressoide_10.1.1_606/ide/tools/bin/../lib/gcc/arm-none-eabi/6.3.1/../../../../arm-none-eabi/lib/thumb/v6-m\libcr_c.a(initio.o)
                              c:/nxp/mcuxpressoide_10.1.1_606/ide/tools/bin/../lib/gcc/arm-none-eabi/6.3.1/../../../../arm-none-eabi/lib/thumb/v6-m\libcr_semihost_nf.a(_cr__main.o) (_initio)
c:/nxp/mcuxpressoide_10.1.1_606/ide/tools/bin/../lib/gcc/arm-none-eabi/6.3.1/../../../../arm-none-eabi/lib/thumb/v6-m\libcr_c.a(printf.o)
                              ./source/Pit_Init.o (_printf)
c:/nxp/mcuxpressoide_10.1.1_606/ide/tools/bin/../lib/gcc/arm-none-eabi/6.3.1/../../../../arm-none-eabi/lib/thumb/v6-m\libcr_c.a(setvbuf.o)
                              c:/nxp/mcuxpressoide_10.1.1_606/ide/tools/bin/../lib/gcc/arm-none-eabi/6.3.1/../../../../arm-none-eabi/lib/thumb/v6-m\libcr_c.a(initio.o) (setvbuf)
c:/nxp/mcuxpressoide_10.1.1_606/ide/tools/bin/../lib/gcc/arm-none-eabi/6.3.1/../../../../arm-none-eabi/lib/thumb/v6-m\libcr_c.a(strlen.o)
[...]
Memory Configuration

Name             Origin             Length             Attributes
PROGRAM_FLASH    0x00000000         0x00020000         xr
SRAM             0x1ffff000         0x00004000         xrw
*default*        0x00000000         0xffffffff

Linker script and memory map

LOAD ./utilities/fsl_debug_console.o
LOAD ./startup/startup_mkl25z4.o
LOAD ./source/ADC_init.o
LOAD ./source/DISPLAY_manager.o
LOAD ./source/DISPLAY_show.o
LOAD ./source/Init_pwm.o
LOAD ./source/Pit_Init.o
LOAD ./source/mtb.o
LOAD ./source/semihost_hardfault.o
LOAD ./source/tpm_simple_pwm.o
LOAD ./drivers/fsl_adc16.o
LOAD ./drivers/fsl_clock.o
LOAD ./drivers/fsl_common.o
LOAD ./drivers/fsl_flash.o
LOAD ./drivers/fsl_gpio.o
LOAD ./drivers/fsl_lpsci.o
LOAD ./drivers/fsl_pit.o
LOAD ./drivers/fsl_smc.o
LOAD ./drivers/fsl_tpm.o
LOAD ./drivers/fsl_uart.o
LOAD ./drivers/peripherals.o
LOAD ./board/board.o
LOAD ./board/clock_config.o
LOAD ./board/pin_mux.o
LOAD ./CMSIS/system_MKL25Z4.o
START GROUP
LOAD c:/nxp/mcuxpressoide_10.1.1_606/ide/tools/bin/../lib/gcc/arm-none-eabi/6.3.1/../../../../arm-none-eabi/lib/thumb/v6-m\libcr_semihost_nf.a
LOAD c:/nxp/mcuxpressoide_10.1.1_606/ide/tools/bin/../lib/gcc/arm-none-eabi/6.3.1/../../../../arm-none-eabi/lib/thumb/v6-m\libcr_c.a
LOAD c:/nxp/mcuxpressoide_10.1.1_606/ide/tools/bin/../lib/gcc/arm-none-eabi/6.3.1/thumb/v6-m\libcr_eabihelpers.a
END GROUP
                0x00000000                __base_PROGRAM_FLASH = 0x0
                0x00000000                __base_Flash = 0x0
                0x00020000                __top_PROGRAM_FLASH = 0x20000
                0x00020000                __top_Flash = 0x20000
                0x1ffff000                __base_SRAM = 0x1ffff000
                0x1ffff000                __base_RAM = 0x1ffff000
                0x20003000                __top_SRAM = 0x20003000
                0x20003000                __top_RAM = 0x20003000

.text           0x00000000     0x46c4
 FILL mask 0xff
                0x00000000                __vectors_start__ = ABSOLUTE (.)
 *(.isr_vector)
 .isr_vector    0x00000000       0xc0 ./startup/startup_mkl25z4.o
                0x00000000                g_pfnVectors
                0x00000000                __Vectors
                0x000000c0                . = ALIGN (0x4)
                0x000000c0                __section_table_start = .
                0x000000c0                __data_section_table = .
                0x000000c0        0x4 LONG 0x46c4 LOADADDR (.data)
                0x000000c4        0x4 LONG 0x1ffff080 ADDR (.data)
                0x000000c8        0x4 LONG 0x34 SIZEOF (.data)
                0x000000cc                __data_section_table_end = .
                0x000000cc                __bss_section_table = .
                0x000000cc        0x4 LONG 0x1ffff0b4 ADDR (.bss)
                0x000000d0        0x4 LONG 0xf8 SIZEOF (.bss)
                0x000000d4                __bss_section_table_end = .
                0x000000d4                __section_table_end = .
 *(.after_vectors*)
 .after_vectors.init_data
                0x000000d4       0x16 ./startup/startup_mkl25z4.o
                0x000000d4                data_init
 .after_vectors.init_bss
                0x000000ea       0x12 ./startup/startup_mkl25z4.o
                0x000000ea                bss_init
 .after_vectors.reset
                0x000000fc       0x4c ./startup/startup_mkl25z4.o
                0x000000fc                ResetISR
 .after_vectors
                0x00000148      0x10c ./startup/startup_mkl25z4.o
                0x00000148                NMI_Handler
                0x0000014c                SVC_Handler
                0x0000014e                PendSV_Handler
                0x00000150                SysTick_Handler
                0x00000152                LPTMR0_DriverIRQHandler
                0x00000152                Reserved39_DriverIRQHandler
                0x00000152                DMA0_DriverIRQHandler
                0x00000152                SPI1_DriverIRQHandler
                0x00000152                I2C0_DriverIRQHandler
                0x00000152                PORTD_DriverIRQHandler
                0x00000152                DMA2_DriverIRQHandler
                0x00000152                CMP0_DriverIRQHandler
                0x00000152                TPM2_DriverIRQHandler
                0x00000152                ADC0_DriverIRQHandler
                0x00000152                SPI0_DriverIRQHandler
                0x00000152                TSI0_DriverIRQHandler
                0x00000152                RTC_Seconds_DriverIRQHandler
                0x00000152                I2C1_DriverIRQHandler
                0x00000152                Reserved45_DriverIRQHandler
                0x00000152                LLWU_DriverIRQHandler
                0x00000152                MCG_DriverIRQHandler
                0x00000152                DMA1_DriverIRQHandler
                0x00000152                PIT_DriverIRQHandler
                0x00000152                RTC_DriverIRQHandler
                0x00000152                FTFA_DriverIRQHandler
                0x00000152                IntDefaultHandler
                0x00000152                USB0_DriverIRQHandler
                0x00000152                DAC0_DriverIRQHandler
                0x00000152                TPM1_DriverIRQHandler
                0x00000152                LVD_LVW_DriverIRQHandler
                0x00000152                TPM0_DriverIRQHandler
                0x00000152                PORTA_DriverIRQHandler
                0x00000152                DMA3_DriverIRQHandler
                0x00000152                Reserved20_DriverIRQHandler
                0x00000154                DMA0_IRQHandler
                0x0000015c                DMA1_IRQHandler
                0x00000164                DMA2_IRQHandler
                0x0000016c                DMA3_IRQHandler
                0x00000174                Reserved20_IRQHandler
                0x0000017c                FTFA_IRQHandler
                0x00000184                LVD_LVW_IRQHandler
                0x0000018c                LLWU_IRQHandler
                0x00000194                I2C0_IRQHandler
                0x0000019c                I2C1_IRQHandler
                0x000001a4                SPI0_IRQHandler
                0x000001ac                SPI1_IRQHandler
                0x000001b4                UART0_IRQHandler
                0x000001bc                UART1_IRQHandler
                0x000001c4                UART2_IRQHandler
                0x000001cc                ADC0_IRQHandler
                0x000001d4                CMP0_IRQHandler
                0x000001dc                TPM0_IRQHandler
                0x000001e4                TPM1_IRQHandler
                0x000001ec                TPM2_IRQHandler
                0x000001f4                RTC_IRQHandler
                0x000001fc                RTC_Seconds_IRQHandler
                0x0000020c                Reserved39_IRQHandler
                0x00000214                USB0_IRQHandler
                0x0000021c                DAC0_IRQHandler
                0x00000224                TSI0_IRQHandler
                0x0000022c                MCG_IRQHandler
                0x00000234                LPTMR0_IRQHandler
                0x0000023c                Reserved45_IRQHandler
                0x00000244                PORTA_IRQHandler
                0x0000024c                PORTD_IRQHandler
                0x00000400                . = 0x400
 *fill*         0x00000254      0x1ac ff
                0x00000400                PROVIDE (__FLASH_CONFIG_START__, .)
 *(.FlashConfig)
 .FlashConfig   0x00000400       0x10 ./startup/startup_mkl25z4.o
                0x00000400                Flash_Config
                0x00000410                PROVIDE (__FLASH_CONFIG_END__, .)
                0x00000001                ASSERT (! ((__FLASH_CONFIG_START__ == __FLASH_CONFIG_END__)), Linker Flash Config Support Enabled, but no .FlashConfig section provided within application)
 *(.text*)
 .text.ADC_init_channel
                0x00000410       0x84 ./source/ADC_init.o
                0x00000410                ADC_init_channel
 .text.CLOCK_EnableClock
                0x00000494       0x38 ./source/DISPLAY_manager.o
 .text.PORT_SetPinConfig
                0x000004cc       0x38 ./source/DISPLAY_manager.o
 .text.PORT_SetPinMux
                0x00000504       0x40 ./source/DISPLAY_manager.o
 .text.GPIO_ReadPinInput
                0x00000544       0x20 ./source/DISPLAY_manager.o
 .text.DISPLAY_manager_checkButtonAsc_Desc
                0x00000564       0xa0 ./source/DISPLAY_manager.o
                0x00000564                DISPLAY_manager_checkButtonAsc_Desc
 .text.ADC_Pin_init
                0x00000604       0x28 ./source/DISPLAY_manager.o
                0x00000604                ADC_Pin_init
 .text.DISPLAY_manager_Input_Init
                0x0000062c      0x110 ./source/DISPLAY_manager.o
                0x0000062c                DISPLAY_manager_Input_Init
 .text.DISPLAY_manager_Output_Init
                0x0000073c      0x33c ./source/DISPLAY_manager.o
                0x0000073c                DISPLAY_manager_Output_Init
 .text.GPIO_WritePinOutput
                0x00000a78       0x34 ./source/DISPLAY_show.o
 .text.GPIO_SetPinsOutput
                0x00000aac       0x18 ./source/DISPLAY_show.o
 .text.GPIO_ClearPinsOutput
                0x00000ac4       0x18 ./source/DISPLAY_show.o
 .text.DISPLAY_show_ShowNumber
                0x00000adc       0x4c ./source/DISPLAY_show.o
                0x00000adc                DISPLAY_show_ShowNumber
 .text.CLOCK_SetTpmClock
                0x00000b28       0x38 ./source/Init_pwm.o
 .text.TPM_StartTimer
                0x00000b60       0x3a ./source/Init_pwm.o
 *fill*         0x00000b9a        0x2 ff
 .text.Init_pwm
                0x00000b9c       0x80 ./source/Init_pwm.o
                0x00000b9c                Init_pwm
 .text.update_pwm
                0x00000c1c       0x40 ./source/Init_pwm.o
                0x00000c1c                update_pwm
 .text.NVIC_EnableIRQ
                0x00000c5c       0x2c ./source/Pit_Init.o
 .text.EnableIRQ
                0x00000c88       0x2c ./source/Pit_Init.o
 .text.PIT_GetDefaultConfig
                0x00000cb4       0x28 ./source/Pit_Init.o
 .text.PIT_EnableInterrupts
                0x00000cdc       0x46 ./source/Pit_Init.o
 .text.PIT_SetTimerPeriod
                0x00000d22       0x2a ./source/Pit_Init.o
 .text.PIT_StartTimer
                0x00000d4c       0x3e ./source/Pit_Init.o
 *fill*         0x00000d8a        0x2 ff
 .text.Pit_Init_isr
                0x00000d8c       0x90 ./source/Pit_Init.o
                0x00000d8c                Pit_Init_isr
 .text.HardFault_Handler
                0x00000e1c       0x2c ./source/semihost_hardfault.o
                0x00000e1c                HardFault_Handler
 .text.GPIO_WritePinOutput
                0x00000e48       0x34 ./source/tpm_simple_pwm.o
 .text.GPIO_ReadPinInput
                0x00000e7c       0x20 ./source/tpm_simple_pwm.o
 .text.PIT_ClearStatusFlags
                0x00000e9c       0x30 ./source/tpm_simple_pwm.o
 .text.ADC16_GetChannelConversionValue
                0x00000ecc       0x30 ./source/tpm_simple_pwm.o
 .text.PIT_IRQHandler
                0x00000efc       0x24 ./source/tpm_simple_pwm.o
                0x00000efc                PIT_IRQHandler
 .text.main     0x00000f20      0x204 ./source/tpm_simple_pwm.o
                0x00000f20                main
 .text.despliegue
                0x00001124       0xa8 ./source/tpm_simple_pwm.o
                0x00001124                despliegue
 .text.CLOCK_EnableClock
                0x000011cc       0x38 ./drivers/fsl_adc16.o
 .text.ADC16_GetInstance
                0x00001204       0x48 ./drivers/fsl_adc16.o
 .text.ADC16_Init
                0x0000124c      0x114 ./drivers/fsl_adc16.o
                0x0000124c                ADC16_Init
 .text.ADC16_DoAutoCalibration
                0x00001360      0x11a ./drivers/fsl_adc16.o
                0x00001360                ADC16_DoAutoCalibration
 .text.ADC16_GetStatusFlags
                0x0000147a       0x3a ./drivers/fsl_adc16.o
                0x0000147a                ADC16_GetStatusFlags
 .text.ADC16_SetChannelConfig
                0x000014b4       0x6c ./drivers/fsl_adc16.o
                0x000014b4                ADC16_SetChannelConfig
 .text.ADC16_GetChannelStatusFlags
                0x00001520       0x40 ./drivers/fsl_adc16.o
                0x00001520                ADC16_GetChannelStatusFlags
 .text.CLOCK_GetMcgExtClkFreq
                0x00001560       0x28 ./drivers/fsl_clock.o
 .text.CLOCK_GetFllExtRefClkFreq
                0x00001588       0xa4 ./drivers/fsl_clock.o
 .text.CLOCK_GetInternalRefClkSelectFreq
                0x0000162c       0x40 ./drivers/fsl_clock.o
 .text.CLOCK_GetFllRefClkFreq
                0x0000166c       0x2c ./drivers/fsl_clock.o
 .text.CLOCK_GetPll0RefFreq
                0x00001698       0x10 ./drivers/fsl_clock.o
 .text.CLOCK_GetOsc0ErClkFreq
                0x000016a8       0x3c ./drivers/fsl_clock.o
                0x000016a8                CLOCK_GetOsc0ErClkFreq
 .text.CLOCK_GetEr32kClkFreq
                0x000016e4       0x74 ./drivers/fsl_clock.o
                0x000016e4                CLOCK_GetEr32kClkFreq
 .text.CLOCK_GetPllFllSelClkFreq
                0x00001758       0x4c ./drivers/fsl_clock.o
                0x00001758                CLOCK_GetPllFllSelClkFreq
 .text.CLOCK_GetFreq
                0x000017a4       0xe0 ./drivers/fsl_clock.o
                0x000017a4                CLOCK_GetFreq
 .text.CLOCK_GetOutClkFreq
                0x00001884       0x60 ./drivers/fsl_clock.o
                0x00001884                CLOCK_GetOutClkFreq
 .text.CLOCK_GetFllFreq
                0x000018e4       0x84 ./drivers/fsl_clock.o
                0x000018e4                CLOCK_GetFllFreq
 .text.CLOCK_GetInternalRefClkFreq
                0x00001968       0x28 ./drivers/fsl_clock.o
                0x00001968                CLOCK_GetInternalRefClkFreq
 .text.CLOCK_GetFixedFreqClkFreq
                0x00001990       0x30 ./drivers/fsl_clock.o
                0x00001990                CLOCK_GetFixedFreqClkFreq
 .text.CLOCK_GetPll0Freq
                0x000019c0       0x70 ./drivers/fsl_clock.o
                0x000019c0                CLOCK_GetPll0Freq
 .text.GPIO_WritePinOutput
                0x00001a30       0x34 ./drivers/fsl_gpio.o
 .text.GPIO_PinInit
                0x00001a64       0x64 ./drivers/fsl_gpio.o
                0x00001a64                GPIO_PinInit
 .text.UART0_DriverIRQHandler
                0x00001ac8       0x24 ./drivers/fsl_lpsci.o
                0x00001ac8                UART0_DriverIRQHandler
 .text.CLOCK_EnableClock
                0x00001aec       0x38 ./drivers/fsl_pit.o
 .text.PIT_GetInstance
                0x00001b24       0x48 ./drivers/fsl_pit.o
 .text.PIT_Init
                0x00001b6c       0x6c ./drivers/fsl_pit.o
                0x00001b6c                PIT_Init
 .text.CLOCK_EnableClock
                0x00001bd8       0x38 ./drivers/fsl_tpm.o
 .text.TPM_GetInstance
                0x00001c10       0x54 ./drivers/fsl_tpm.o
 .text.TPM_Init
                0x00001c64       0xd0 ./drivers/fsl_tpm.o
                0x00001c64                TPM_Init
 .text.TPM_GetDefaultConfig
                0x00001d34       0x54 ./drivers/fsl_tpm.o
                0x00001d34                TPM_GetDefaultConfig
 .text.TPM_SetupPwm
                0x00001d88      0x1fc ./drivers/fsl_tpm.o
                0x00001d88                TPM_SetupPwm
 .text.TPM_UpdatePwmDutycycle
                0x00001f84       0xcc ./drivers/fsl_tpm.o
                0x00001f84                TPM_UpdatePwmDutycycle
 .text.TPM_UpdateChnlEdgeLevelSelect
                0x00002050      0x10c ./drivers/fsl_tpm.o
                0x00002050                TPM_UpdateChnlEdgeLevelSelect
 .text.UART1_DriverIRQHandler
                0x0000215c       0x24 ./drivers/fsl_uart.o
                0x0000215c                UART1_DriverIRQHandler
 .text.UART2_DriverIRQHandler
                0x00002180       0x24 ./drivers/fsl_uart.o
                0x00002180                UART2_DriverIRQHandler
 .text.CLOCK_EnableClock
                0x000021a4       0x38 ./board/pin_mux.o
 .text.PORT_SetPinMux
                0x000021dc       0x40 ./board/pin_mux.o
 .text.BOARD_InitPins
                0x0000221c       0x68 ./board/pin_mux.o
                0x0000221c                BOARD_InitPins
 .text.SystemInit
                0x00002284       0x18 ./CMSIS/system_MKL25Z4.o
                0x00002284                SystemInit
 .text.__main   0x0000229c        0xc c:/nxp/mcuxpressoide_10.1.1_606/ide/tools/bin/../lib/gcc/arm-none-eabi/6.3.1/../../../../arm-none-eabi/lib/thumb/v6-m\libcr_semihost_nf.a(_cr__main.o)
                0x0000229c                __CR_SEMIHOST
                0x0000229c                __main
 .text.__assertion_failed
                0x000022a8       0x4c c:/nxp/mcuxpressoide_10.1.1_606/ide/tools/bin/../lib/gcc/arm-none-eabi/6.3.1/../../../../arm-none-eabi/lib/thumb/v6-m\libcr_semihost_nf.a(_cr_assert.o)
                0x000022a8                __assertion_failed
 .text.__sys_appexit
                0x000022f4        0xc c:/nxp/mcuxpressoide_10.1.1_606/ide/tools/bin/../lib/gcc/arm-none-eabi/6.3.1/../../../../arm-none-eabi/lib/thumb/v6-m\libcr_semihost_nf.a(__sys_appexit.o)
                0x000022f4                __sys_appexit
                0x000022f4                __exit
 .text.memset   0x00002300        0x8 c:/nxp/mcuxpressoide_10.1.1_606/ide/tools/bin/../lib/gcc/arm-none-eabi/6.3.1/../../../../arm-none-eabi/lib/thumb/v6-m\libcr_c.a(memset.o)
                0x00002300                memset
 .text._deferredlazyseek
                0x00002308       0x40 c:/nxp/mcuxpressoide_10.1.1_606/ide/tools/bin/../lib/gcc/arm-none-eabi/6.3.1/../../../../arm-none-eabi/lib/thumb/v6-m\libcr_c.a(_deferredlazyseek.o)
                0x00002308                _deferredlazyseek
 .text.__flsbuf
                0x00002348      0x150 c:/nxp/mcuxpressoide_10.1.1_606/ide/tools/bin/../lib/gcc/arm-none-eabi/6.3.1/../../../../arm-none-eabi/lib/thumb/v6-m\libcr_c.a(_deferredlazyseek.o)
                0x00002348                __flsbuf
 .text._fflush  0x00002498       0x5c c:/nxp/mcuxpressoide_10.1.1_606/ide/tools/bin/../lib/gcc/arm-none-eabi/6.3.1/../../../../arm-none-eabi/lib/thumb/v6-m\libcr_c.a(_fflush.o)
                0x00002498                _fflush
 .text._Cwritebuf
                0x000024f4       0x68 c:/nxp/mcuxpressoide_10.1.1_606/ide/tools/bin/../lib/gcc/arm-none-eabi/6.3.1/../../../../arm-none-eabi/lib/thumb/v6-m\libcr_c.a(_writebuf.o)
                0x000024f4                _Cwritebuf
 .text.malloc   0x0000255c       0xcc c:/nxp/mcuxpressoide_10.1.1_606/ide/tools/bin/../lib/gcc/arm-none-eabi/6.3.1/../../../../arm-none-eabi/lib/thumb/v6-m\libcr_c.a(alloc.o)
                0x0000255c                malloc
 .text.free     0x00002628       0x2c c:/nxp/mcuxpressoide_10.1.1_606/ide/tools/bin/../lib/gcc/arm-none-eabi/6.3.1/../../../../arm-none-eabi/lib/thumb/v6-m\libcr_c.a(alloc.o)
                0x00002628                free
 .text._Csys_alloc
                0x00002654       0x20 c:/nxp/mcuxpressoide_10.1.1_606/ide/tools/bin/../lib/gcc/arm-none-eabi/6.3.1/../../../../arm-none-eabi/lib/thumb/v6-m\libcr_c.a(alloc.o)
                0x00002654                _Csys_alloc
 .text.fputs    0x00002674       0x2e c:/nxp/mcuxpressoide_10.1.1_606/ide/tools/bin/../lib/gcc/arm-none-eabi/6.3.1/../../../../arm-none-eabi/lib/thumb/v6-m\libcr_c.a(fputs.o)
                0x00002674                fputs
 *fill*         0x000026a2        0x2 ff
 .text.fseek    0x000026a4       0xf0 c:/nxp/mcuxpressoide_10.1.1_606/ide/tools/bin/../lib/gcc/arm-none-eabi/6.3.1/../../../../arm-none-eabi/lib/thumb/v6-m\libcr_c.a(fseek.o)
                0x000026a4                fseek
 .text.ftell    0x00002794       0x48 c:/nxp/mcuxpressoide_10.1.1_606/ide/tools/bin/../lib/gcc/arm-none-eabi/6.3.1/../../../../arm-none-eabi/lib/thumb/v6-m\libcr_c.a(ftell.o)
                0x00002794                ftell
 .text._initio  0x000027dc       0x7c c:/nxp/mcuxpressoide_10.1.1_606/ide/tools/bin/../lib/gcc/arm-none-eabi/6.3.1/../../../../arm-none-eabi/lib/thumb/v6-m\libcr_c.a(initio.o)
                0x000027dc                _initio
 .text.no_fp_display
                0x00002858        0x4 c:/nxp/mcuxpressoide_10.1.1_606/ide/tools/bin/../lib/gcc/arm-none-eabi/6.3.1/../../../../arm-none-eabi/lib/thumb/v6-m\libcr_c.a(printf.o)
 .text.__vfprintf
                0x0000285c      0xce0 c:/nxp/mcuxpressoide_10.1.1_606/ide/tools/bin/../lib/gcc/arm-none-eabi/6.3.1/../../../../arm-none-eabi/lib/thumb/v6-m\libcr_c.a(printf.o)
                0x0000285c                __vfprintf
 .text._vsnprintf
                0x0000353c       0x60 c:/nxp/mcuxpressoide_10.1.1_606/ide/tools/bin/../lib/gcc/arm-none-eabi/6.3.1/../../../../arm-none-eabi/lib/thumb/v6-m\libcr_c.a(printf.o)
                0x0000353c                _vsnprintf
 .text._printf  0x0000359c       0x50 c:/nxp/mcuxpressoide_10.1.1_606/ide/tools/bin/../lib/gcc/arm-none-eabi/6.3.1/../../../../arm-none-eabi/lib/thumb/v6-m\libcr_c.a(printf.o)
                0x0000359c                _printf
 .text.setvbuf  0x000035ec       0x48 c:/nxp/mcuxpressoide_10.1.1_606/ide/tools/bin/../lib/gcc/arm-none-eabi/6.3.1/../../../../arm-none-eabi/lib/thumb/v6-m\libcr_c.a(setvbuf.o)
                0x000035ec                setvbuf
 .text.strlen   0x00003634       0x58 c:/nxp/mcuxpressoide_10.1.1_606/ide/tools/bin/../lib/gcc/arm-none-eabi/6.3.1/../../../../arm-none-eabi/lib/thumb/v6-m\libcr_c.a(strlen.o)
                0x00003634                strlen
 .text._sbrk    0x0000368c       0x40 c:/nxp/mcuxpressoide_10.1.1_606/ide/tools/bin/../lib/gcc/arm-none-eabi/6.3.1/../../../../arm-none-eabi/lib/thumb/v6-m\libcr_c.a(_cr_sbrk.o)
                0x0000368c                _sbrk
 .text._fdopen  0x000036cc       0x74 c:/nxp/mcuxpressoide_10.1.1_606/ide/tools/bin/../lib/gcc/arm-none-eabi/6.3.1/../../../../arm-none-eabi/lib/thumb/v6-m\libcr_c.a(_fdopen.o)
                0x000036cc                _fdopen
 .text.fclose   0x00003740       0x5c c:/nxp/mcuxpressoide_10.1.1_606/ide/tools/bin/../lib/gcc/arm-none-eabi/6.3.1/../../../../arm-none-eabi/lib/thumb/v6-m\libcr_c.a(fclose.o)
                0x00003740                fclose
 .text.fflush   0x0000379c       0x44 c:/nxp/mcuxpressoide_10.1.1_606/ide/tools/bin/../lib/gcc/arm-none-eabi/6.3.1/../../../../arm-none-eabi/lib/thumb/v6-m\libcr_c.a(fflush.o)
                0x0000379c                fflush
 .text.remove   0x000037e0       0x12 c:/nxp/mcuxpressoide_10.1.1_606/ide/tools/bin/../lib/gcc/arm-none-eabi/6.3.1/../../../../arm-none-eabi/lib/thumb/v6-m\libcr_c.a(remove.o)
                0x000037e0                remove
 *fill*         0x000037f2        0x2 ff
 .text.__check_heap_overflow
                0x000037f4       0x18 c:/nxp/mcuxpressoide_10.1.1_606/ide/tools/bin/../lib/gcc/arm-none-eabi/6.3.1/../../../../arm-none-eabi/lib/thumb/v6-m\libcr_c.a(_cr_check_heap.o)
                0x000037f4                __check_heap_overflow
 .text._do_fflush
                0x0000380c       0x44 c:/nxp/mcuxpressoide_10.1.1_606/ide/tools/bin/../lib/gcc/arm-none-eabi/6.3.1/../../../../arm-none-eabi/lib/thumb/v6-m\libcr_c.a(_do_fflush.o)
                0x0000380c                _do_fflush
 .text.__aeabi_division_idivmod
                0x00003850       0x78 c:/nxp/mcuxpressoide_10.1.1_606/ide/tools/bin/../lib/gcc/arm-none-eabi/6.3.1/thumb/v6-m\libcr_eabihelpers.a(division_32.o)
                0x00003850                __aeabi_idivmod
                0x00003850                __aeabi_idiv
                0x00003856                __aeabi_uidivmod
                0x00003856                __aeabi_uidiv
 .text.__aeabi_division_uldivmod
                0x000038c8       0x5a c:/nxp/mcuxpressoide_10.1.1_606/ide/tools/bin/../lib/gcc/arm-none-eabi/6.3.1/thumb/v6-m\libcr_eabihelpers.a(division_64.o)
                0x000038c8                __aeabi_uldivmod
 .text.__aeabi_division_idiv0
                0x00003922        0x2 c:/nxp/mcuxpressoide_10.1.1_606/ide/tools/bin/../lib/gcc/arm-none-eabi/6.3.1/thumb/v6-m\libcr_eabihelpers.a(division_idiv0.o)
                0x00003922                __aeabi_idiv0
 .text.__aeabi_dmul
                0x00003924      0x180 c:/nxp/mcuxpressoide_10.1.1_606/ide/tools/bin/../lib/gcc/arm-none-eabi/6.3.1/thumb/v6-m\libcr_eabihelpers.a(double.o)
                0x00003924                __aeabi_dmul
 .text.__aeabi_ddiv
                0x00003aa4      0x14c c:/nxp/mcuxpressoide_10.1.1_606/ide/tools/bin/../lib/gcc/arm-none-eabi/6.3.1/thumb/v6-m\libcr_eabihelpers.a(double.o)
                0x00003aa4                __aeabi_ddiv
 .text.__aeabi_d2f
                0x00003bf0       0x60 c:/nxp/mcuxpressoide_10.1.1_606/ide/tools/bin/../lib/gcc/arm-none-eabi/6.3.1/thumb/v6-m\libcr_eabihelpers.a(double.o)
                0x00003bf0                __aeabi_d2f
 .text.__aeabi_d2uiz
                0x00003c50       0x34 c:/nxp/mcuxpressoide_10.1.1_606/ide/tools/bin/../lib/gcc/arm-none-eabi/6.3.1/thumb/v6-m\libcr_eabihelpers.a(double.o)
                0x00003c50                __aeabi_d2uiz
 .text.__bhs_ui2d
                0x00003c84       0x5e c:/nxp/mcuxpressoide_10.1.1_606/ide/tools/bin/../lib/gcc/arm-none-eabi/6.3.1/thumb/v6-m\libcr_eabihelpers.a(double.o)
                0x00003c84                __bhs_ui2d
 .text.__aeabi_ui2d
                0x00003ce2        0xc c:/nxp/mcuxpressoide_10.1.1_606/ide/tools/bin/../lib/gcc/arm-none-eabi/6.3.1/thumb/v6-m\libcr_eabihelpers.a(double.o)
                0x00003ce2                __aeabi_ui2d
 *fill*         0x00003cee        0x2 ff
 .text.__aeabi_fmul
                0x00003cf0       0xc4 c:/nxp/mcuxpressoide_10.1.1_606/ide/tools/bin/../lib/gcc/arm-none-eabi/6.3.1/thumb/v6-m\libcr_eabihelpers.a(float.o)
                0x00003cf0                __aeabi_fmul
 .text.__aeabi_f2uiz
                0x00003db4       0x2a c:/nxp/mcuxpressoide_10.1.1_606/ide/tools/bin/../lib/gcc/arm-none-eabi/6.3.1/thumb/v6-m\libcr_eabihelpers.a(float.o)
                0x00003db4                __aeabi_f2uiz
 .text.__aeabi_llong_lmul
                0x00003dde       0x2e c:/nxp/mcuxpressoide_10.1.1_606/ide/tools/bin/../lib/gcc/arm-none-eabi/6.3.1/thumb/v6-m\libcr_eabihelpers.a(llong.o)
                0x00003dde                __aeabi_lmul
 .text.__aeabi_memset_lowlevel
                0x00003e0c       0x2a c:/nxp/mcuxpressoide_10.1.1_606/ide/tools/bin/../lib/gcc/arm-none-eabi/6.3.1/thumb/v6-m\libcr_eabihelpers.a(memcpy.o)
                0x00003e0c                __aeabi_lowlevel_memset
 .text.__sys_close
                0x00003e36        0xc c:/nxp/mcuxpressoide_10.1.1_606/ide/tools/bin/../lib/gcc/arm-none-eabi/6.3.1/../../../../arm-none-eabi/lib/thumb/v6-m\libcr_semihost_nf.a(__sys_close.o)
                0x00003e36                __sys_close
 .text.__sys_flen
                0x00003e42        0xc c:/nxp/mcuxpressoide_10.1.1_606/ide/tools/bin/../lib/gcc/arm-none-eabi/6.3.1/../../../../arm-none-eabi/lib/thumb/v6-m\libcr_semihost_nf.a(__sys_flen.o)
                0x00003e42                __sys_flen
 .text.__sys_istty
                0x00003e4e        0xc c:/nxp/mcuxpressoide_10.1.1_606/ide/tools/bin/../lib/gcc/arm-none-eabi/6.3.1/../../../../arm-none-eabi/lib/thumb/v6-m\libcr_semihost_nf.a(__sys_istty.o)
                0x00003e4e                __sys_istty
 .text.__sys_remove
                0x00003e5a        0xc c:/nxp/mcuxpressoide_10.1.1_606/ide/tools/bin/../lib/gcc/arm-none-eabi/6.3.1/../../../../arm-none-eabi/lib/thumb/v6-m\libcr_semihost_nf.a(__sys_remove.o)
                0x00003e5a                __sys_remove
 .text.__sys_seek
                0x00003e66        0xc c:/nxp/mcuxpressoide_10.1.1_606/ide/tools/bin/../lib/gcc/arm-none-eabi/6.3.1/../../../../arm-none-eabi/lib/thumb/v6-m\libcr_semihost_nf.a(__sys_seek.o)
                0x00003e66                __sys_seek
 .text.__sys_tmpnam
                0x00003e72        0xc c:/nxp/mcuxpressoide_10.1.1_606/ide/tools/bin/../lib/gcc/arm-none-eabi/6.3.1/../../../../arm-none-eabi/lib/thumb/v6-m\libcr_semihost_nf.a(__sys_tmpnam.o)
                0x00003e72                __sys_tmpnam
 .text.__sys_write
                0x00003e7e        0xc c:/nxp/mcuxpressoide_10.1.1_606/ide/tools/bin/../lib/gcc/arm-none-eabi/6.3.1/../../../../arm-none-eabi/lib/thumb/v6-m\libcr_semihost_nf.a(__sys_write.o)
                0x00003e7e                __sys_write
 *(.rodata .rodata.* .constdata .constdata.*)
 *fill*         0x00003e8a        0x2 ff
 .rodata        0x00003e8c       0x85 ./source/DISPLAY_manager.o
 *fill*         0x00003f11        0x3 ff
 .rodata        0x00003f14       0xa0 ./source/Pit_Init.o
 .rodata        0x00003fb4       0x9a ./source/tpm_simple_pwm.o
 *fill*         0x0000404e        0x2 ff
 .rodata        0x00004050      0x13a ./drivers/fsl_adc16.o
 *fill*         0x0000418a        0x2 ff
 .rodata        0x0000418c      0x11d ./drivers/fsl_clock.o
 *fill*         0x000042a9        0x3 ff
 .rodata.CLOCK_GetFreq
                0x000042ac       0x38 ./drivers/fsl_clock.o
 .rodata.fllFactorTable.5202
                0x000042e4       0x10 ./drivers/fsl_clock.o
 .rodata        0x000042f4       0x62 ./drivers/fsl_gpio.o
 *fill*         0x00004356        0x2 ff
 .rodata        0x00004358       0x5d ./drivers/fsl_pit.o
 *fill*         0x000043b5        0x3 ff
 .rodata.s_tpmBases
                0x000043b8        0xc ./drivers/fsl_tpm.o
 .rodata.s_tpmClocks
                0x000043c4        0xc ./drivers/fsl_tpm.o
 .rodata        0x000043d0      0x287 ./drivers/fsl_tpm.o
 .rodata.__assertion_failed.str1.1
                0x00004657       0x15 c:/nxp/mcuxpressoide_10.1.1_606/ide/tools/bin/../lib/gcc/arm-none-eabi/6.3.1/../../../../arm-none-eabi/lib/thumb/v6-m\libcr_semihost_nf.a(_cr_assert.o)
 .rodata.__num_Ciob_streams
                0x0000466c        0x4 c:/nxp/mcuxpressoide_10.1.1_606/ide/tools/bin/../lib/gcc/arm-none-eabi/6.3.1/../../../../arm-none-eabi/lib/thumb/v6-m\libcr_semihost_nf.a(__ciob.o)
                0x0000466c                __num_Ciob_streams
 .rodata._Csys_alloc.str1.1
                0x00004670       0x18 c:/nxp/mcuxpressoide_10.1.1_606/ide/tools/bin/../lib/gcc/arm-none-eabi/6.3.1/../../../../arm-none-eabi/lib/thumb/v6-m\libcr_c.a(alloc.o)
 .rodata._initio.str1.1
                0x00004688        0x4 c:/nxp/mcuxpressoide_10.1.1_606/ide/tools/bin/../lib/gcc/arm-none-eabi/6.3.1/../../../../arm-none-eabi/lib/thumb/v6-m\libcr_c.a(initio.o)
 .rodata.__vfprintf.str1.1
                0x0000468c       0x35 c:/nxp/mcuxpressoide_10.1.1_606/ide/tools/bin/../lib/gcc/arm-none-eabi/6.3.1/../../../../arm-none-eabi/lib/thumb/v6-m\libcr_c.a(printf.o)
                                 0x38 (size before relaxing)
                0x000046c4                . = ALIGN (0x4)
 *fill*         0x000046c1        0x3 ff

.glue_7         0x000046c4        0x0
 .glue_7        0x000046c4        0x0 linker stubs

.glue_7t        0x000046c4        0x0
 .glue_7t       0x000046c4        0x0 linker stubs

.vfp11_veneer   0x000046c4        0x0
 .vfp11_veneer  0x000046c4        0x0 linker stubs

.v4_bx          0x000046c4        0x0
 .v4_bx         0x000046c4        0x0 linker stubs

.iplt           0x000046c4        0x0
 .iplt          0x000046c4        0x0 ./utilities/fsl_debug_console.o

.rel.dyn        0x000046c4        0x0
 .rel.iplt      0x000046c4        0x0 ./utilities/fsl_debug_console.o

.ARM.extab
 *(.ARM.extab* .gnu.linkonce.armextab.*)
                0x000046c4                __exidx_start = .

.ARM.exidx
 *(.ARM.exidx* .gnu.linkonce.armexidx.*)
                0x000046c4                __exidx_end = .
                0x000046c4                _etext = .

.m_usb_data
 *(m_usb_bdt)

.mtb_buffer_default
                0x1ffff000       0x80
 *(.mtb*)
 .mtb.$RAM1     0x1ffff000       0x80 ./source/mtb.o
                0x1ffff000                __mtb_buffer__

.uninit_RESERVED
                0x1ffff080        0x0
 *(.bss.$RESERVED*)
                0x1ffff080                . = ALIGN (0x4)
                0x1ffff080                _end_uninit_RESERVED = .

.data           0x1ffff080       0x34 load address 0x000046c4
 FILL mask 0xff
                0x1ffff080                _data = .
 *(vtable)
 *(.ramfunc*)
 *(.data*)
 .data.NumberMask
                0x1ffff080       0x28 ./source/DISPLAY_show.o
                0x1ffff080                NumberMask
 .data.updatedDutycycle
                0x1ffff0a8        0x1 ./source/Init_pwm.o
                0x1ffff0a8                updatedDutycycle
 .data.pwmLevel
                0x1ffff0a9        0x1 ./source/Init_pwm.o
                0x1ffff0a9                pwmLevel
 *fill*         0x1ffff0aa        0x2 ff
 .data.s_slowIrcFreq
                0x1ffff0ac        0x4 ./drivers/fsl_clock.o
 .data.s_fastIrcFreq
                0x1ffff0b0        0x4 ./drivers/fsl_clock.o
                0x1ffff0b4                . = ALIGN (0x4)
                0x1ffff0b4                _edata = .

.igot.plt       0x1ffff0b4        0x0 load address 0x000046f8
 .igot.plt      0x1ffff0b4        0x0 ./utilities/fsl_debug_console.o

.bss            0x1ffff0b4       0xf8 load address 0x000046f8
                0x1ffff0b4                _bss = .
 *(.bss*)
 .bss.contadorDeBounceAsc
                0x1ffff0b4        0x4 ./source/DISPLAY_manager.o
                0x1ffff0b4                contadorDeBounceAsc
 .bss.contadorDeBounceDesc
                0x1ffff0b8        0x4 ./source/DISPLAY_manager.o
                0x1ffff0b8                contadorDeBounceDesc
 .bss.tpmInfo   0x1ffff0bc        0x8 ./source/Init_pwm.o
                0x1ffff0bc                tpmInfo
 .bss.tpmParam  0x1ffff0c4        0x3 ./source/Init_pwm.o
                0x1ffff0c4                tpmParam
 .bss.pitIsrFlag
                0x1ffff0c7        0x1 ./source/tpm_simple_pwm.o
                0x1ffff0c7                pitIsrFlag
 .bss.contador  0x1ffff0c8        0x4 ./source/tpm_simple_pwm.o
                0x1ffff0c8                contador
 .bss.g_xtal0Freq
                0x1ffff0cc        0x4 ./drivers/fsl_clock.o
                0x1ffff0cc                g_xtal0Freq
 .bss.g_xtal32Freq
                0x1ffff0d0        0x4 ./drivers/fsl_clock.o
                0x1ffff0d0                g_xtal32Freq
 .bss.s_lpsciHandle
                0x1ffff0d4        0x4 ./drivers/fsl_lpsci.o
 .bss.s_lpsciIsr
                0x1ffff0d8        0x4 ./drivers/fsl_lpsci.o
 .bss.s_uartHandle
                0x1ffff0dc        0xc ./drivers/fsl_uart.o
 .bss.s_uartIsr
                0x1ffff0e8        0x4 ./drivers/fsl_uart.o
 .bss.__Ciob    0x1ffff0ec       0xb4 c:/nxp/mcuxpressoide_10.1.1_606/ide/tools/bin/../lib/gcc/arm-none-eabi/6.3.1/../../../../arm-none-eabi/lib/thumb/v6-m\libcr_semihost_nf.a(__ciob.o)
                0x1ffff0ec                __Ciob
 .bss.__end_of_heap
                0x1ffff1a0        0x4 c:/nxp/mcuxpressoide_10.1.1_606/ide/tools/bin/../lib/gcc/arm-none-eabi/6.3.1/../../../../arm-none-eabi/lib/thumb/v6-m\libcr_c.a(__init_alloc.o)
                0x1ffff1a0                __end_of_heap
 .bss.__heaps   0x1ffff1a4        0x4 c:/nxp/mcuxpressoide_10.1.1_606/ide/tools/bin/../lib/gcc/arm-none-eabi/6.3.1/../../../../arm-none-eabi/lib/thumb/v6-m\libcr_c.a(__init_alloc.o)
                0x1ffff1a4                __heaps
 .bss.errno     0x1ffff1a8        0x4 c:/nxp/mcuxpressoide_10.1.1_606/ide/tools/bin/../lib/gcc/arm-none-eabi/6.3.1/../../../../arm-none-eabi/lib/thumb/v6-m\libcr_c.a(errno.o)
                0x1ffff1a8                errno
 *(COMMON)
                0x1ffff1ac                . = ALIGN (0x4)
                0x1ffff1ac                _ebss = .
                [!provide]                PROVIDE (end, .)

.noinit         0x1ffff1ac        0x0 load address 0x000046f8
                0x1ffff1ac                _noinit = .
 *(.noinit*)
                0x1ffff1ac                . = ALIGN (0x4)
                0x1ffff1ac                _end_noinit = .
                0x00000400                _HeapSize = 0x400

.heap           0x1ffff1ac      0x400 load address 0x000046f8
                0x1ffff1ac                _pvHeapStart = .
                0x1ffff5ac                . = (. + _HeapSize)
 *fill*         0x1ffff1ac      0x400 
                0x1ffff5ac                . = ALIGN (0x4)
                0x1ffff5ac                _pvHeapLimit = .
                0x00000400                _StackSize = 0x400

.heap2stackfill
                0x1ffff5ac      0x400 load address 0x000046f8
                0x1ffff9ac                . = (. + _StackSize)
 *fill*         0x1ffff5ac      0x400 

.stack          0x20002c00        0x0
                0x20002c00                _vStackBase = .
                0x20002c00                . = ALIGN (0x4)
                0x20003000                _vStackTop = (. + _StackSize)
                0x00000000                _image_start = LOADADDR (.text)
                0x000046f8                _image_end = (LOADADDR (.data) + SIZEOF (.data))
                0x000046f8                _image_size = (_image_end - _image_start)
OUTPUT(frdmkl25z_driver_examples_tpm_simple_pwm.axf elf32-littlearm)

.debug_info     0x00000000     0xa50c
 .debug_info    0x00000000      0x49e ./startup/startup_mkl25z4.o
 .debug_info    0x0000049e      0x4f0 ./source/ADC_init.o
 .debug_info    0x0000098e      0x94d ./source/DISPLAY_manager.o
 .debug_info    0x000012db      0x446 ./source/DISPLAY_show.o
 .debug_info    0x00001721      0xb79 ./source/Init_pwm.o
 .debug_info    0x0000229a      0x9c1 ./source/Pit_Init.o
 .debug_info    0x00002c5b       0x4d ./source/mtb.o
 .debug_info    0x00002ca8       0x37 ./source/semihost_hardfault.o
 .debug_info    0x00002cdf      0xb9d ./source/tpm_simple_pwm.o
 .debug_info    0x0000387c      0xc10 ./drivers/fsl_adc16.o
 .debug_info    0x0000448c     0x194f ./drivers/fsl_clock.o
 .debug_info    0x00005ddb      0x533 ./drivers/fsl_gpio.o
 .debug_info    0x0000630e     0x1385 ./drivers/fsl_lpsci.o
 .debug_info    0x00007693      0x5ff ./drivers/fsl_pit.o
 .debug_info    0x00007c92      0xbf0 ./drivers/fsl_tpm.o
 .debug_info    0x00008882     0x132f ./drivers/fsl_uart.o
 .debug_info    0x00009bb1      0x55a ./board/pin_mux.o
 .debug_info    0x0000a10b      0x401 ./CMSIS/system_MKL25Z4.o

.debug_abbrev   0x00000000     0x20c6
 .debug_abbrev  0x00000000      0x16a ./startup/startup_mkl25z4.o
 .debug_abbrev  0x0000016a      0x125 ./source/ADC_init.o
 .debug_abbrev  0x0000028f      0x26a ./source/DISPLAY_manager.o
 .debug_abbrev  0x000004f9      0x157 ./source/DISPLAY_show.o
 .debug_abbrev  0x00000650      0x1ee ./source/Init_pwm.o
 .debug_abbrev  0x0000083e      0x1f7 ./source/Pit_Init.o
 .debug_abbrev  0x00000a35       0x3e ./source/mtb.o
 .debug_abbrev  0x00000a73       0x2c ./source/semihost_hardfault.o
 .debug_abbrev  0x00000a9f      0x267 ./source/tpm_simple_pwm.o
 .debug_abbrev  0x00000d06      0x267 ./drivers/fsl_adc16.o
 .debug_abbrev  0x00000f6d      0x322 ./drivers/fsl_clock.o
 .debug_abbrev  0x0000128f      0x191 ./drivers/fsl_gpio.o
 .debug_abbrev  0x00001420      0x2c6 ./drivers/fsl_lpsci.o
 .debug_abbrev  0x000016e6      0x1ee ./drivers/fsl_pit.o
 .debug_abbrev  0x000018d4      0x249 ./drivers/fsl_tpm.o
 .debug_abbrev  0x00001b1d      0x2de ./drivers/fsl_uart.o
 .debug_abbrev  0x00001dfb      0x192 ./board/pin_mux.o
 .debug_abbrev  0x00001f8d      0x139 ./CMSIS/system_MKL25Z4.o

.debug_aranges  0x00000000      0x938
 .debug_aranges
                0x00000000      0x160 ./startup/startup_mkl25z4.o
 .debug_aranges
                0x00000160       0x20 ./source/ADC_init.o
 .debug_aranges
                0x00000180       0x58 ./source/DISPLAY_manager.o
 .debug_aranges
                0x000001d8       0x40 ./source/DISPLAY_show.o
 .debug_aranges
                0x00000218       0x38 ./source/Init_pwm.o
 .debug_aranges
                0x00000250       0x50 ./source/Pit_Init.o
 .debug_aranges
                0x000002a0       0x18 ./source/mtb.o
 .debug_aranges
                0x000002b8       0x20 ./source/semihost_hardfault.o
 .debug_aranges
                0x000002d8       0x50 ./source/tpm_simple_pwm.o
 .debug_aranges
                0x00000328       0x88 ./drivers/fsl_adc16.o
 .debug_aranges
                0x000003b0      0x1d8 ./drivers/fsl_clock.o
 .debug_aranges
                0x00000588       0x40 ./drivers/fsl_gpio.o
 .debug_aranges
                0x000005c8      0x118 ./drivers/fsl_lpsci.o
 .debug_aranges
                0x000006e0       0x48 ./drivers/fsl_pit.o
 .debug_aranges
                0x00000728       0x88 ./drivers/fsl_tpm.o
 .debug_aranges
                0x000007b0      0x130 ./drivers/fsl_uart.o
 .debug_aranges
                0x000008e0       0x30 ./board/pin_mux.o
 .debug_aranges
                0x00000910       0x28 ./CMSIS/system_MKL25Z4.o

.debug_ranges   0x00000000      0x810
 .debug_ranges  0x00000000      0x150 ./startup/startup_mkl25z4.o
 .debug_ranges  0x00000150       0x10 ./source/ADC_init.o
 .debug_ranges  0x00000160       0x48 ./source/DISPLAY_manager.o
 .debug_ranges  0x000001a8       0x30 ./source/DISPLAY_show.o
 .debug_ranges  0x000001d8       0x28 ./source/Init_pwm.o
 .debug_ranges  0x00000200       0x40 ./source/Pit_Init.o
 .debug_ranges  0x00000240       0x10 ./source/semihost_hardfault.o
 .debug_ranges  0x00000250       0x40 ./source/tpm_simple_pwm.o
 .debug_ranges  0x00000290       0x78 ./drivers/fsl_adc16.o
 .debug_ranges  0x00000308      0x1c8 ./drivers/fsl_clock.o
 .debug_ranges  0x000004d0       0x30 ./drivers/fsl_gpio.o
 .debug_ranges  0x00000500      0x108 ./drivers/fsl_lpsci.o
 .debug_ranges  0x00000608       0x38 ./drivers/fsl_pit.o
 .debug_ranges  0x00000640       0x78 ./drivers/fsl_tpm.o
 .debug_ranges  0x000006b8      0x120 ./drivers/fsl_uart.o
 .debug_ranges  0x000007d8       0x20 ./board/pin_mux.o
 .debug_ranges  0x000007f8       0x18 ./CMSIS/system_MKL25Z4.o

.debug_line     0x00000000     0x3906
 .debug_line    0x00000000      0x128 ./startup/startup_mkl25z4.o
 .debug_line    0x00000128      0x20e ./source/ADC_init.o
 .debug_line    0x00000336      0x322 ./source/DISPLAY_manager.o
 .debug_line    0x00000658      0x26a ./source/DISPLAY_show.o
 .debug_line    0x000008c2      0x2c5 ./source/Init_pwm.o
 .debug_line    0x00000b87      0x32b ./source/Pit_Init.o
 .debug_line    0x00000eb2       0x30 ./source/mtb.o
 .debug_line    0x00000ee2       0x54 ./source/semihost_hardfault.o
 .debug_line    0x00000f36      0x386 ./source/tpm_simple_pwm.o
 .debug_line    0x000012bc      0x348 ./drivers/fsl_adc16.o
 .debug_line    0x00001604      0x91f ./drivers/fsl_clock.o
 .debug_line    0x00001f23      0x20f ./drivers/fsl_gpio.o
 .debug_line    0x00002132      0x6d5 ./drivers/fsl_lpsci.o
 .debug_line    0x00002807      0x220 ./drivers/fsl_pit.o
 .debug_line    0x00002a27      0x495 ./drivers/fsl_tpm.o
 .debug_line    0x00002ebc      0x6d8 ./drivers/fsl_uart.o
 .debug_line    0x00003594      0x221 ./board/pin_mux.o
 .debug_line    0x000037b5      0x151 ./CMSIS/system_MKL25Z4.o

.debug_str      0x00000000     0x4f80
 .debug_str     0x00000000      0x4cf ./startup/startup_mkl25z4.o
                                0x4e2 (size before relaxing)
 .debug_str     0x000004cf      0x6dd ./source/ADC_init.o
                                0x84f (size before relaxing)
 .debug_str     0x00000bac      0xc08 ./source/DISPLAY_manager.o
                                0xe48 (size before relaxing)
 .debug_str     0x000017b4       0xdc ./source/DISPLAY_show.o
                                0x7cf (size before relaxing)
 .debug_str     0x00001890      0xa7b ./source/Init_pwm.o
                               0x115d (size before relaxing)
 .debug_str     0x0000230b      0x417 ./source/Pit_Init.o
                                0xb0b (size before relaxing)
 .debug_str     0x00002722       0x1f ./source/mtb.o
                                0x15f (size before relaxing)
 .debug_str     0x00002741       0x1f ./source/semihost_hardfault.o
                                0x163 (size before relaxing)
 .debug_str     0x00002760      0x106 ./source/tpm_simple_pwm.o
                                0xd6a (size before relaxing)
 .debug_str     0x00002866      0x421 ./drivers/fsl_adc16.o
                               0x126b (size before relaxing)
 .debug_str     0x00002c87      0xa5b ./drivers/fsl_clock.o
                               0x180d (size before relaxing)
 .debug_str     0x000036e2       0x8d ./drivers/fsl_gpio.o
                                0x834 (size before relaxing)
 .debug_str     0x0000376f      0xa79 ./drivers/fsl_lpsci.o
                               0x15d5 (size before relaxing)
 .debug_str     0x000041e8       0x78 ./drivers/fsl_pit.o
                                0x954 (size before relaxing)
 .debug_str     0x00004260      0x3d1 ./drivers/fsl_tpm.o
                               0x11a4 (size before relaxing)
 .debug_str     0x00004631      0x8e6 ./drivers/fsl_uart.o
                               0x15e1 (size before relaxing)
 .debug_str     0x00004f17       0x22 ./board/pin_mux.o
                                0x5ea (size before relaxing)
 .debug_str     0x00004f39       0x47 ./CMSIS/system_MKL25Z4.o
                                0x34e (size before relaxing)

.comment        0x00000000       0x7f
 .comment       0x00000000       0x7f ./startup/startup_mkl25z4.o
                                 0x80 (size before relaxing)
 .comment       0x0000007f       0x80 ./source/ADC_init.o
 .comment       0x0000007f       0x80 ./source/DISPLAY_manager.o
 .comment       0x0000007f       0x80 ./source/DISPLAY_show.o
 .comment       0x0000007f       0x80 ./source/Init_pwm.o
 .comment       0x0000007f       0x80 ./source/Pit_Init.o
 .comment       0x0000007f       0x80 ./source/mtb.o
 .comment       0x0000007f       0x80 ./source/semihost_hardfault.o
 .comment       0x0000007f       0x80 ./source/tpm_simple_pwm.o
 .comment       0x0000007f       0x80 ./drivers/fsl_adc16.o
 .comment       0x0000007f       0x80 ./drivers/fsl_clock.o
 .comment       0x0000007f       0x80 ./drivers/fsl_gpio.o
 .comment       0x0000007f       0x80 ./drivers/fsl_lpsci.o
 .comment       0x0000007f       0x80 ./drivers/fsl_pit.o
 .comment       0x0000007f       0x80 ./drivers/fsl_tpm.o
 .comment       0x0000007f       0x80 ./drivers/fsl_uart.o
 .comment       0x0000007f       0x80 ./board/pin_mux.o
 .comment       0x0000007f       0x80 ./CMSIS/system_MKL25Z4.o
 .comment       0x0000007f       0x80 c:/nxp/mcuxpressoide_10.1.1_606/ide/tools/bin/../lib/gcc/arm-none-eabi/6.3.1/../../../../arm-none-eabi/lib/thumb/v6-m\libcr_semihost_nf.a(_cr__main.o)
 .comment       0x0000007f       0x80 c:/nxp/mcuxpressoide_10.1.1_606/ide/tools/bin/../lib/gcc/arm-none-eabi/6.3.1/../../../../arm-none-eabi/lib/thumb/v6-m\libcr_semihost_nf.a(_cr_assert.o)
 .comment       0x0000007f       0x80 c:/nxp/mcuxpressoide_10.1.1_606/ide/tools/bin/../lib/gcc/arm-none-eabi/6.3.1/../../../../arm-none-eabi/lib/thumb/v6-m\libcr_semihost_nf.a(__ciob.o)
 .comment       0x0000007f       0x80 c:/nxp/mcuxpressoide_10.1.1_606/ide/tools/bin/../lib/gcc/arm-none-eabi/6.3.1/../../../../arm-none-eabi/lib/thumb/v6-m\libcr_c.a(memset.o)
 .comment       0x0000007f       0x80 c:/nxp/mcuxpressoide_10.1.1_606/ide/tools/bin/../lib/gcc/arm-none-eabi/6.3.1/../../../../arm-none-eabi/lib/thumb/v6-m\libcr_c.a(_deferredlazyseek.o)
 .comment       0x0000007f       0x80 c:/nxp/mcuxpressoide_10.1.1_606/ide/tools/bin/../lib/gcc/arm-none-eabi/6.3.1/../../../../arm-none-eabi/lib/thumb/v6-m\libcr_c.a(_fflush.o)
 .comment       0x0000007f       0x80 c:/nxp/mcuxpressoide_10.1.1_606/ide/tools/bin/../lib/gcc/arm-none-eabi/6.3.1/../../../../arm-none-eabi/lib/thumb/v6-m\libcr_c.a(_writebuf.o)
 .comment       0x0000007f       0x80 c:/nxp/mcuxpressoide_10.1.1_606/ide/tools/bin/../lib/gcc/arm-none-eabi/6.3.1/../../../../arm-none-eabi/lib/thumb/v6-m\libcr_c.a(alloc.o)
 .comment       0x0000007f       0x80 c:/nxp/mcuxpressoide_10.1.1_606/ide/tools/bin/../lib/gcc/arm-none-eabi/6.3.1/../../../../arm-none-eabi/lib/thumb/v6-m\libcr_c.a(fputs.o)
 .comment       0x0000007f       0x80 c:/nxp/mcuxpressoide_10.1.1_606/ide/tools/bin/../lib/gcc/arm-none-eabi/6.3.1/../../../../arm-none-eabi/lib/thumb/v6-m\libcr_c.a(fseek.o)
 .comment       0x0000007f       0x80 c:/nxp/mcuxpressoide_10.1.1_606/ide/tools/bin/../lib/gcc/arm-none-eabi/6.3.1/../../../../arm-none-eabi/lib/thumb/v6-m\libcr_c.a(ftell.o)
 .comment       0x0000007f       0x80 c:/nxp/mcuxpressoide_10.1.1_606/ide/tools/bin/../lib/gcc/arm-none-eabi/6.3.1/../../../../arm-none-eabi/lib/thumb/v6-m\libcr_c.a(initio.o)
 .comment       0x0000007f       0x80 c:/nxp/mcuxpressoide_10.1.1_606/ide/tools/bin/../lib/gcc/arm-none-eabi/6.3.1/../../../../arm-none-eabi/lib/thumb/v6-m\libcr_c.a(printf.o)
 .comment       0x0000007f       0x80 c:/nxp/mcuxpressoide_10.1.1_606/ide/tools/bin/../lib/gcc/arm-none-eabi/6.3.1/../../../../arm-none-eabi/lib/thumb/v6-m\libcr_c.a(setvbuf.o)
 .comment       0x0000007f       0x80 c:/nxp/mcuxpressoide_10.1.1_606/ide/tools/bin/../lib/gcc/arm-none-eabi/6.3.1/../../../../arm-none-eabi/lib/thumb/v6-m\libcr_c.a(strlen.o)
 .comment       0x0000007f       0x80 c:/nxp/mcuxpressoide_10.1.1_606/ide/tools/bin/../lib/gcc/arm-none-eabi/6.3.1/../../../../arm-none-eabi/lib/thumb/v6-m\libcr_c.a(__init_alloc.o)
 .comment       0x0000007f       0x80 c:/nxp/mcuxpressoide_10.1.1_606/ide/tools/bin/../lib/gcc/arm-none-eabi/6.3.1/../../../../arm-none-eabi/lib/thumb/v6-m\libcr_c.a(_cr_sbrk.o)
 .comment       0x0000007f       0x80 c:/nxp/mcuxpressoide_10.1.1_606/ide/tools/bin/../lib/gcc/arm-none-eabi/6.3.1/../../../../arm-none-eabi/lib/thumb/v6-m\libcr_c.a(_fdopen.o)
 .comment       0x0000007f       0x80 c:/nxp/mcuxpressoide_10.1.1_606/ide/tools/bin/../lib/gcc/arm-none-eabi/6.3.1/../../../../arm-none-eabi/lib/thumb/v6-m\libcr_c.a(errno.o)
 .comment       0x0000007f       0x80 c:/nxp/mcuxpressoide_10.1.1_606/ide/tools/bin/../lib/gcc/arm-none-eabi/6.3.1/../../../../arm-none-eabi/lib/thumb/v6-m\libcr_c.a(fclose.o)
 .comment       0x0000007f       0x80 c:/nxp/mcuxpressoide_10.1.1_606/ide/tools/bin/../lib/gcc/arm-none-eabi/6.3.1/../../../../arm-none-eabi/lib/thumb/v6-m\libcr_c.a(fflush.o)
 .comment       0x0000007f       0x80 c:/nxp/mcuxpressoide_10.1.1_606/ide/tools/bin/../lib/gcc/arm-none-eabi/6.3.1/../../../../arm-none-eabi/lib/thumb/v6-m\libcr_c.a(remove.o)
 .comment       0x0000007f       0x80 c:/nxp/mcuxpressoide_10.1.1_606/ide/tools/bin/../lib/gcc/arm-none-eabi/6.3.1/../../../../arm-none-eabi/lib/thumb/v6-m\libcr_c.a(_cr_check_heap.o)
 .comment       0x0000007f       0x80 c:/nxp/mcuxpressoide_10.1.1_606/ide/tools/bin/../lib/gcc/arm-none-eabi/6.3.1/../../../../arm-none-eabi/lib/thumb/v6-m\libcr_c.a(_do_fflush.o)
 .comment       0x0000007f       0x80 c:/nxp/mcuxpressoide_10.1.1_606/ide/tools/bin/../lib/gcc/arm-none-eabi/6.3.1/thumb/v6-m\libcr_eabihelpers.a(double.o)
 .comment       0x0000007f       0x80 c:/nxp/mcuxpressoide_10.1.1_606/ide/tools/bin/../lib/gcc/arm-none-eabi/6.3.1/thumb/v6-m\libcr_eabihelpers.a(float.o)

.ARM.attributes
                0x00000000       0x30
 .ARM.attributes
                0x00000000       0x32 ./startup/startup_mkl25z4.o
 .ARM.attributes
                0x00000032       0x32 ./source/ADC_init.o
 .ARM.attributes
                0x00000064       0x32 ./source/DISPLAY_manager.o
 .ARM.attributes
                0x00000096       0x32 ./source/DISPLAY_show.o
 .ARM.attributes
                0x000000c8       0x32 ./source/Init_pwm.o
 .ARM.attributes
                0x000000fa       0x32 ./source/Pit_Init.o
 .ARM.attributes
                0x0000012c       0x32 ./source/mtb.o
 .ARM.attributes
                0x0000015e       0x32 ./source/semihost_hardfault.o
 .ARM.attributes
                0x00000190       0x32 ./source/tpm_simple_pwm.o
 .ARM.attributes
                0x000001c2       0x32 ./drivers/fsl_adc16.o
 .ARM.attributes
                0x000001f4       0x32 ./drivers/fsl_clock.o
 .ARM.attributes
                0x00000226       0x32 ./drivers/fsl_gpio.o
 .ARM.attributes
                0x00000258       0x32 ./drivers/fsl_lpsci.o
 .ARM.attributes
                0x0000028a       0x32 ./drivers/fsl_pit.o
 .ARM.attributes
                0x000002bc       0x32 ./drivers/fsl_tpm.o
 .ARM.attributes
                0x000002ee       0x32 ./drivers/fsl_uart.o
 .ARM.attributes
                0x00000320       0x32 ./board/pin_mux.o
 .ARM.attributes
                0x00000352       0x32 ./CMSIS/system_MKL25Z4.o
 .ARM.attributes
                0x00000384       0x31 c:/nxp/mcuxpressoide_10.1.1_606/ide/tools/bin/../lib/gcc/arm-none-eabi/6.3.1/../../../../arm-none-eabi/lib/thumb/v6-m\libcr_semihost_nf.a(_cr__main.o)
 .ARM.attributes
                0x000003b5       0x31 c:/nxp/mcuxpressoide_10.1.1_606/ide/tools/bin/../lib/gcc/arm-none-eabi/6.3.1/../../../../arm-none-eabi/lib/thumb/v6-m\libcr_semihost_nf.a(_cr_assert.o)
 .ARM.attributes
                0x000003e6       0x31 c:/nxp/mcuxpressoide_10.1.1_606/ide/tools/bin/../lib/gcc/arm-none-eabi/6.3.1/../../../../arm-none-eabi/lib/thumb/v6-m\libcr_semihost_nf.a(__ciob.o)
 .ARM.attributes
                0x00000417       0x21 c:/nxp/mcuxpressoide_10.1.1_606/ide/tools/bin/../lib/gcc/arm-none-eabi/6.3.1/../../../../arm-none-eabi/lib/thumb/v6-m\libcr_semihost_nf.a(__sys_appexit.o)
 .ARM.attributes
                0x00000438       0x31 c:/nxp/mcuxpressoide_10.1.1_606/ide/tools/bin/../lib/gcc/arm-none-eabi/6.3.1/../../../../arm-none-eabi/lib/thumb/v6-m\libcr_c.a(memset.o)
 .ARM.attributes
                0x00000469       0x31 c:/nxp/mcuxpressoide_10.1.1_606/ide/tools/bin/../lib/gcc/arm-none-eabi/6.3.1/../../../../arm-none-eabi/lib/thumb/v6-m\libcr_c.a(_deferredlazyseek.o)
 .ARM.attributes
                0x0000049a       0x31 c:/nxp/mcuxpressoide_10.1.1_606/ide/tools/bin/../lib/gcc/arm-none-eabi/6.3.1/../../../../arm-none-eabi/lib/thumb/v6-m\libcr_c.a(_fflush.o)
 .ARM.attributes
                0x000004cb       0x31 c:/nxp/mcuxpressoide_10.1.1_606/ide/tools/bin/../lib/gcc/arm-none-eabi/6.3.1/../../../../arm-none-eabi/lib/thumb/v6-m\libcr_c.a(_writebuf.o)
 .ARM.attributes
                0x000004fc       0x31 c:/nxp/mcuxpressoide_10.1.1_606/ide/tools/bin/../lib/gcc/arm-none-eabi/6.3.1/../../../../arm-none-eabi/lib/thumb/v6-m\libcr_c.a(alloc.o)
 .ARM.attributes
                0x0000052d       0x31 c:/nxp/mcuxpressoide_10.1.1_606/ide/tools/bin/../lib/gcc/arm-none-eabi/6.3.1/../../../../arm-none-eabi/lib/thumb/v6-m\libcr_c.a(fputs.o)
 .ARM.attributes
                0x0000055e       0x31 c:/nxp/mcuxpressoide_10.1.1_606/ide/tools/bin/../lib/gcc/arm-none-eabi/6.3.1/../../../../arm-none-eabi/lib/thumb/v6-m\libcr_c.a(fseek.o)
 .ARM.attributes
                0x0000058f       0x31 c:/nxp/mcuxpressoide_10.1.1_606/ide/tools/bin/../lib/gcc/arm-none-eabi/6.3.1/../../../../arm-none-eabi/lib/thumb/v6-m\libcr_c.a(ftell.o)
 .ARM.attributes
                0x000005c0       0x31 c:/nxp/mcuxpressoide_10.1.1_606/ide/tools/bin/../lib/gcc/arm-none-eabi/6.3.1/../../../../arm-none-eabi/lib/thumb/v6-m\libcr_c.a(initio.o)
 .ARM.attributes
                0x000005f1       0x31 c:/nxp/mcuxpressoide_10.1.1_606/ide/tools/bin/../lib/gcc/arm-none-eabi/6.3.1/../../../../arm-none-eabi/lib/thumb/v6-m\libcr_c.a(printf.o)
 .ARM.attributes
                0x00000622       0x31 c:/nxp/mcuxpressoide_10.1.1_606/ide/tools/bin/../lib/gcc/arm-none-eabi/6.3.1/../../../../arm-none-eabi/lib/thumb/v6-m\libcr_c.a(setvbuf.o)
 .ARM.attributes
                0x00000653       0x31 c:/nxp/mcuxpressoide_10.1.1_606/ide/tools/bin/../lib/gcc/arm-none-eabi/6.3.1/../../../../arm-none-eabi/lib/thumb/v6-m\libcr_c.a(strlen.o)
 .ARM.attributes
                0x00000684       0x31 c:/nxp/mcuxpressoide_10.1.1_606/ide/tools/bin/../lib/gcc/arm-none-eabi/6.3.1/../../../../arm-none-eabi/lib/thumb/v6-m\libcr_c.a(__init_alloc.o)
 .ARM.attributes
                0x000006b5       0x31 c:/nxp/mcuxpressoide_10.1.1_606/ide/tools/bin/../lib/gcc/arm-none-eabi/6.3.1/../../../../arm-none-eabi/lib/thumb/v6-m\libcr_c.a(_cr_sbrk.o)
 .ARM.attributes
                0x000006e6       0x31 c:/nxp/mcuxpressoide_10.1.1_606/ide/tools/bin/../lib/gcc/arm-none-eabi/6.3.1/../../../../arm-none-eabi/lib/thumb/v6-m\libcr_c.a(_fdopen.o)
 .ARM.attributes
                0x00000717       0x31 c:/nxp/mcuxpressoide_10.1.1_606/ide/tools/bin/../lib/gcc/arm-none-eabi/6.3.1/../../../../arm-none-eabi/lib/thumb/v6-m\libcr_c.a(errno.o)
 .ARM.attributes
                0x00000748       0x31 c:/nxp/mcuxpressoide_10.1.1_606/ide/tools/bin/../lib/gcc/arm-none-eabi/6.3.1/../../../../arm-none-eabi/lib/thumb/v6-m\libcr_c.a(fclose.o)
 .ARM.attributes
                0x00000779       0x31 c:/nxp/mcuxpressoide_10.1.1_606/ide/tools/bin/../lib/gcc/arm-none-eabi/6.3.1/../../../../arm-none-eabi/lib/thumb/v6-m\libcr_c.a(fflush.o)
 .ARM.attributes
                0x000007aa       0x31 c:/nxp/mcuxpressoide_10.1.1_606/ide/tools/bin/../lib/gcc/arm-none-eabi/6.3.1/../../../../arm-none-eabi/lib/thumb/v6-m\libcr_c.a(remove.o)
 .ARM.attributes
                0x000007db       0x31 c:/nxp/mcuxpressoide_10.1.1_606/ide/tools/bin/../lib/gcc/arm-none-eabi/6.3.1/../../../../arm-none-eabi/lib/thumb/v6-m\libcr_c.a(_cr_check_heap.o)
 .ARM.attributes
                0x0000080c       0x31 c:/nxp/mcuxpressoide_10.1.1_606/ide/tools/bin/../lib/gcc/arm-none-eabi/6.3.1/../../../../arm-none-eabi/lib/thumb/v6-m\libcr_c.a(_do_fflush.o)
 .ARM.attributes
                0x0000083d       0x21 c:/nxp/mcuxpressoide_10.1.1_606/ide/tools/bin/../lib/gcc/arm-none-eabi/6.3.1/thumb/v6-m\libcr_eabihelpers.a(division_32.o)
 .ARM.attributes
                0x0000085e       0x21 c:/nxp/mcuxpressoide_10.1.1_606/ide/tools/bin/../lib/gcc/arm-none-eabi/6.3.1/thumb/v6-m\libcr_eabihelpers.a(division_64.o)
 .ARM.attributes
                0x0000087f       0x21 c:/nxp/mcuxpressoide_10.1.1_606/ide/tools/bin/../lib/gcc/arm-none-eabi/6.3.1/thumb/v6-m\libcr_eabihelpers.a(division_idiv0.o)
 .ARM.attributes
                0x000008a0       0x31 c:/nxp/mcuxpressoide_10.1.1_606/ide/tools/bin/../lib/gcc/arm-none-eabi/6.3.1/thumb/v6-m\libcr_eabihelpers.a(double.o)
 .ARM.attributes
                0x000008d1       0x31 c:/nxp/mcuxpressoide_10.1.1_606/ide/tools/bin/../lib/gcc/arm-none-eabi/6.3.1/thumb/v6-m\libcr_eabihelpers.a(float.o)
 .ARM.attributes
                0x00000902       0x21 c:/nxp/mcuxpressoide_10.1.1_606/ide/tools/bin/../lib/gcc/arm-none-eabi/6.3.1/thumb/v6-m\libcr_eabihelpers.a(llong.o)
 .ARM.attributes
                0x00000923       0x21 c:/nxp/mcuxpressoide_10.1.1_606/ide/tools/bin/../lib/gcc/arm-none-eabi/6.3.1/thumb/v6-m\libcr_eabihelpers.a(memcpy.o)
 .ARM.attributes
                0x00000944       0x21 c:/nxp/mcuxpressoide_10.1.1_606/ide/tools/bin/../lib/gcc/arm-none-eabi/6.3.1/../../../../arm-none-eabi/lib/thumb/v6-m\libcr_semihost_nf.a(__sys_close.o)
 .ARM.attributes
                0x00000965       0x21 c:/nxp/mcuxpressoide_10.1.1_606/ide/tools/bin/../lib/gcc/arm-none-eabi/6.3.1/../../../../arm-none-eabi/lib/thumb/v6-m\libcr_semihost_nf.a(__sys_flen.o)
 .ARM.attributes
                0x00000986       0x21 c:/nxp/mcuxpressoide_10.1.1_606/ide/tools/bin/../lib/gcc/arm-none-eabi/6.3.1/../../../../arm-none-eabi/lib/thumb/v6-m\libcr_semihost_nf.a(__sys_istty.o)
 .ARM.attributes
                0x000009a7       0x21 c:/nxp/mcuxpressoide_10.1.1_606/ide/tools/bin/../lib/gcc/arm-none-eabi/6.3.1/../../../../arm-none-eabi/lib/thumb/v6-m\libcr_semihost_nf.a(__sys_remove.o)
 .ARM.attributes
                0x000009c8       0x21 c:/nxp/mcuxpressoide_10.1.1_606/ide/tools/bin/../lib/gcc/arm-none-eabi/6.3.1/../../../../arm-none-eabi/lib/thumb/v6-m\libcr_semihost_nf.a(__sys_seek.o)
 .ARM.attributes
                0x000009e9       0x21 c:/nxp/mcuxpressoide_10.1.1_606/ide/tools/bin/../lib/gcc/arm-none-eabi/6.3.1/../../../../arm-none-eabi/lib/thumb/v6-m\libcr_semihost_nf.a(__sys_tmpnam.o)
 .ARM.attributes
                0x00000a0a       0x21 c:/nxp/mcuxpressoide_10.1.1_606/ide/tools/bin/../lib/gcc/arm-none-eabi/6.3.1/../../../../arm-none-eabi/lib/thumb/v6-m\libcr_semihost_nf.a(__sys_write.o)

.debug_frame    0x00000000     0x1d58
 .debug_frame   0x00000000      0x3b0 ./startup/startup_mkl25z4.o
 .debug_frame   0x000003b0       0x30 ./source/ADC_init.o
 .debug_frame   0x000003e0      0x10c ./source/DISPLAY_manager.o
 .debug_frame   0x000004ec       0xb0 ./source/DISPLAY_show.o
 .debug_frame   0x0000059c       0x90 ./source/Init_pwm.o
 .debug_frame   0x0000062c       0xf4 ./source/Pit_Init.o
 .debug_frame   0x00000720       0x20 ./source/semihost_hardfault.o
 .debug_frame   0x00000740       0xec ./source/tpm_simple_pwm.o
 .debug_frame   0x0000082c      0x1d0 ./drivers/fsl_adc16.o
 .debug_frame   0x000009fc      0x6dc ./drivers/fsl_clock.o
 .debug_frame   0x000010d8       0xb0 ./drivers/fsl_gpio.o
 .debug_frame   0x00001188      0x410 ./drivers/fsl_lpsci.o
 .debug_frame   0x00001598       0xd4 ./drivers/fsl_pit.o
 .debug_frame   0x0000166c      0x1d0 ./drivers/fsl_tpm.o
 .debug_frame   0x0000183c      0x464 ./drivers/fsl_uart.o
 .debug_frame   0x00001ca0       0x6c ./board/pin_mux.o
 .debug_frame   0x00001d0c       0x4c ./CMSIS/system_MKL25Z4.o
